GPU 0: NVIDIA GeForce RTX 4090
 SMs: 128, SharedMem: 100 KB, Blocks/SM: 24, Threads/SM: 1536, L2 size: 72 MB, Bus: 384-bit
GPU 1: NVIDIA GeForce RTX 4090
 SMs: 128, SharedMem: 100 KB, Blocks/SM: 24, Threads/SM: 1536, L2 size: 72 MB, Bus: 384-bit
GPU 2: NVIDIA GeForce RTX 4090
 SMs: 128, SharedMem: 100 KB, Blocks/SM: 24, Threads/SM: 1536, L2 size: 72 MB, Bus: 384-bit
GPU 3: NVIDIA GeForce RTX 4090
 SMs: 128, SharedMem: 100 KB, Blocks/SM: 24, Threads/SM: 1536, L2 size: 72 MB, Bus: 384-bit
GPU 4: NVIDIA GeForce RTX 4090
 SMs: 128, SharedMem: 100 KB, Blocks/SM: 24, Threads/SM: 1536, L2 size: 72 MB, Bus: 384-bit
GPU 5: NVIDIA GeForce RTX 4090
 SMs: 128, SharedMem: 100 KB, Blocks/SM: 24, Threads/SM: 1536, L2 size: 72 MB, Bus: 384-bit
GPU 6: NVIDIA GeForce RTX 4090
 SMs: 128, SharedMem: 100 KB, Blocks/SM: 24, Threads/SM: 1536, L2 size: 72 MB, Bus: 384-bit
GPU 7: NVIDIA GeForce RTX 4090
 SMs: 128, SharedMem: 100 KB, Blocks/SM: 24, Threads/SM: 1536, L2 size: 72 MB, Bus: 384-bit
====================================================================================================
同尺度底层 primitive 基准
  ---- 同尺度底层 primitive 单次基准 ----
    方块维度 d: 64
    物理槽数: 8192
    direct pMult 单次中位(us): 5833.09814453125
    direct add   单次中位(us): 122.105712890625
    direct rotate 单次中位(us): 231.39697265625
    rotate步长集合: [-63, -32, -16, -8, -4, -2, -1, 1, 2, 3, 4, 5, 6, 7, 8, 9, 10, 11, 12, 13, 14, 15, 16, 17, 18, 19, 20, 21, 22, 23, 24, 25, 26, 27, 28, 29, 30, 31, 32, 33, 34, 35, 36, 37, 38, 39, 40, 41, 42, 43, 44, 45, 46, 47, 48, 49, 50, 51, 52, 53, 54, 55, 56, 57, 58, 59, 60, 61, 62, 63]
====================================================================================================
BSGS(cache) vs JKLS / 案例1
  案例名称: compare_cached_64x64__64x64
  方块维度 d: 64
  原始输入形状: (64, 64)
  原始权重形状: (64, 64)
  明文参考中位时间(us): 13.0380859375
  加密中位时间(us): 18451.32421875
  BSGS cache构建时间(us): 172217.5009765625
  BSGS cache命中块数: 0
  BSGS cache新建块数: 1
  BSGS核心计算中位时间(us): 769693.974609375
  JKLS核心计算中位时间(us): 935847.7236328125
  解密中位时间(us): 26601.1982421875
  BSGS正确性误差(max_abs_err): 1.9948487306464813e-11
  JKLS正确性误差(max_abs_err): 3.6485481302861444e-11
  BSGS首行前8个输出: [-1.9650899190888076, 0.6681476584821029, 0.416093279705324, 0.2703731156555368, -1.8569376414326644, 1.4169891280799956, -1.8826025632649686, -0.7113965231073693]
  JKLS首行前8个输出: [-1.9650899190926299, 0.6681476584976287, 0.4160932797017722, 0.2703731156675133, -1.8569376414330936, 1.4169891280803928, -1.8826025632691725, -0.7113965231051773]
  BSGS核心/明文倍数: 59034.27683319602
  JKLS核心/明文倍数: 71777.9993258932
  JKLS相对BSGS核心倍率(JKLS/BSGS): 1.2158698840117095
  direct估算 BSGS核心(us): 762899.2963867188
  direct估算 JKLS核心(us): 904652.2629394531
  ---- BSGS 内核内 primitive 统计 ----
    pMult 次数: 127
    pMult 总时间(us): 741775.7666015625
    pMult 平均单次(us): 5840.754067728839
    add 次数: 126
    add 总时间(us): 16721.6787109375
    add 平均单次(us): 132.71173580109127
    rotate 次数: 29
    rotate 总时间(us): 7830.6337890625
    rotate 平均单次(us): 270.0218547952586
  ---- JKLS 内核内 primitive 统计 ----
    pMult 次数: 128
    pMult 总时间(us): 748574.0771484375
    pMult 平均单次(us): 5848.234977722168
    add 次数: 447
    add 总时间(us): 54245.15185546875
    add 平均单次(us): 121.35380728292785
    rotate 次数: 447
    rotate 总时间(us): 104237.25146484375
    rotate 平均单次(us): 233.1929562971896
====================================================================================================
BSGS(cache) vs JKLS / 案例2
  案例名称: compare_cached_8x64__64x64
  方块维度 d: 64
  原始输入形状: (8, 64)
  原始权重形状: (64, 64)
  明文参考中位时间(us): 3.06494140625
  加密中位时间(us): 19984.10693359375
  BSGS cache构建时间(us): 165361.97216796875
  BSGS cache命中块数: 0
  BSGS cache新建块数: 1
  BSGS核心计算中位时间(us): 780117.4604492188
  JKLS核心计算中位时间(us): 943189.3032226562
  解密中位时间(us): 26594.5263671875
  BSGS正确性误差(max_abs_err): 1.8443579996585413e-11
  JKLS正确性误差(max_abs_err): 2.4348523197659233e-11
  BSGS首行前8个输出: [1.7520107374559086, -0.7663841770130863, -0.6879197310002004, -1.0446337354603854, 1.0499637780492104, 1.3143289797239246, 0.9741315424553217, 2.7686867403624853]
  JKLS首行前8个输出: [1.7520107374532976, -0.7663841770103368, -0.6879197310114531, -1.0446337354546709, 1.0499637780522195, 1.3143289797344944, 0.974131542466445, 2.7686867403509683]
  BSGS核心/明文倍数: 254529.32276565238
  JKLS核心/明文倍数: 307734.8563007806
  JKLS相对BSGS核心倍率(JKLS/BSGS): 1.2090349864487524
  direct估算 BSGS核心(us): 762899.2963867188
  direct估算 JKLS核心(us): 904652.2629394531
  ---- BSGS 内核内 primitive 统计 ----
    pMult 次数: 127
    pMult 总时间(us): 752146.4697265625
    pMult 平均单次(us): 5922.413147453248
    add 次数: 126
    add 总时间(us): 17221.283203125
    add 平均单次(us): 136.67685081845238
    rotate 次数: 29
    rotate 总时间(us): 7386.91552734375
    rotate 平均单次(us): 254.72122508081895
  ---- JKLS 内核内 primitive 统计 ----
    pMult 次数: 128
    pMult 总时间(us): 751798.8129882812
    pMult 平均单次(us): 5873.428226470947
    add 次数: 447
    add 总时间(us): 56298.36962890625
    add 平均单次(us): 125.94713563513703
    rotate 次数: 447
    rotate 总时间(us): 106012.69970703125
    rotate 平均单次(us): 237.16487630208334
====================================================================================================
BSGS(cache) vs JKLS / 案例3
  案例名称: compare_cached_8x64__64x128
  方块维度 d: 64
  原始输入形状: (8, 64)
  原始权重形状: (64, 128)
  明文参考中位时间(us): 8.5634765625
  加密中位时间(us): 19936.2294921875
  BSGS cache构建时间(us): 365032.4384765625
  BSGS cache命中块数: 0
  BSGS cache新建块数: 2
  BSGS核心计算中位时间(us): 1535031.9833984375
  JKLS核心计算中位时间(us): 1870501.419921875
  解密中位时间(us): 56317.3857421875
  BSGS正确性误差(max_abs_err): 1.6994405882542196e-11
  JKLS正确性误差(max_abs_err): 2.652500441513439e-11
  BSGS首行前8个输出: [1.4930535607071218, 0.2734095815698319, 1.14910650571155, 0.04495938982206656, 2.0321647266266667, 0.3134392104299406, -0.27337384568074785, -0.9190915654674429]
  JKLS首行前8个输出: [1.4930535607008277, 0.27340958156103534, 1.1491065057036967, 0.044959389806021356, 2.0321647266288894, 0.3134392104450595, -0.27337384567153256, -0.9190915654697488]
  BSGS核心/明文倍数: 179253.3642376554
  JKLS核心/明文倍数: 218427.8086440871
  JKLS相对BSGS核心倍率(JKLS/BSGS): 1.218542310617356
  direct估算 BSGS核心(us): 1525798.5927734375
  direct估算 JKLS核心(us): 1809304.5258789062
  ---- BSGS 内核内 primitive 统计 ----
    pMult 次数: 254
    pMult 总时间(us): 1479805.5229492188
    pMult 平均单次(us): 5826.005995863066
    add 次数: 252
    add 总时间(us): 33736.2041015625
    add 平均单次(us): 133.8738257998512
    rotate 次数: 58
    rotate 总时间(us): 14340.93994140625
    rotate 平均单次(us): 247.25758519665948
  ---- JKLS 内核内 primitive 统计 ----
    pMult 次数: 256
    pMult 总时间(us): 1498262.7915039062
    pMult 平均单次(us): 5852.589029312134
    add 次数: 894
    add 总时间(us): 107849.82861328125
    add 平均单次(us): 120.63739218487835
    rotate 次数: 894
    rotate 总时间(us): 206660.29345703125
    rotate 平均单次(us): 231.16363921368148
====================================================================================================
报告已保存
  JSON路径: /workspace/FIDESlib-GPT/reports/wp3c_square_block_bsgs_primitive_timing_report.json
Cuda failure /root/fideslib/src/CKKS/Context.cu:841: 'driver shutting down'
