==============================================================================================================
Launching block-parallel BSGS workers
gpu_groups=[(0,)]
num_workers=1
==============================================================================================================
GPU 0: NVIDIA GeForce RTX 4090
 SMs: 128, SharedMem: 100 KB, Blocks/SM: 24, Threads/SM: 1536, L2 size: 72 MB, Bus: 384-bit
[done] task=0 physical=(0,) local=(0,) CUDA_VISIBLE_DEVICES=0 err=6.439294e-13 worker_wall_us=150925521.545
Cuda failure /root/fideslib/src/CKKS/Context.cu:841: 'driver shutting down'
==============================================================================================================
WP3-D BSGS block-parallel 1worker×1GPU probe
==============================================================================================================
NCCL_P2P_DISABLE=1
CUDA_LAUNCH_BLOCKING=None
parallel_wall_us=151505805.014

task  physical          local                  err   worker_wall(us)    core_med(us)   pMult(us)     add(us)     rot(us)     enc(us)     dec(us)
------------------------------------------------------------------------------------------------------------------------------------------------
0     (0,)              (0,)          6.439294e-13     150925521.545    26598598.102  198006.693    9293.585    8992.568  923314.908  671201.058
------------------------------------------------------------------------------------------------------------------------------------------------
sum_worker_wall_us=150925521.545
parallel_wall_us=151505805.014
estimated_throughput_speedup=sum_worker_wall/parallel_wall=0.996x
max_err=6.439294e-13
==============================================================================================================
报告已保存
JSON路径: /workspace/FIDESlib-GPT/reports/wp3d_bsgs_block_parallel_1worker_1gpu_probe_report.json
