GPU 0: NVIDIA GeForce RTX 4090
 SMs: 128, SharedMem: 100 KB, Blocks/SM: 24, Threads/SM: 1536, L2 size: 72 MB, Bus: 384-bit
GPU 1: NVIDIA GeForce RTX 4090
 SMs: 128, SharedMem: 100 KB, Blocks/SM: 24, Threads/SM: 1536, L2 size: 72 MB, Bus: 384-bit
GPU 2: NVIDIA GeForce RTX 4090
 SMs: 128, SharedMem: 100 KB, Blocks/SM: 24, Threads/SM: 1536, L2 size: 72 MB, Bus: 384-bit
GPU 3: NVIDIA GeForce RTX 4090
 SMs: 128, SharedMem: 100 KB, Blocks/SM: 24, Threads/SM: 1536, L2 size: 72 MB, Bus: 384-bit
GPU 4: NVIDIA GeForce RTX 4090
 SMs: 128, SharedMem: 100 KB, Blocks/SM: 24, Threads/SM: 1536, L2 size: 72 MB, Bus: 384-bit
GPU 5: NVIDIA GeForce RTX 4090
 SMs: 128, SharedMem: 100 KB, Blocks/SM: 24, Threads/SM: 1536, L2 size: 72 MB, Bus: 384-bit
GPU 6: NVIDIA GeForce RTX 4090
 SMs: 128, SharedMem: 100 KB, Blocks/SM: 24, Threads/SM: 1536, L2 size: 72 MB, Bus: 384-bit
GPU 7: NVIDIA GeForce RTX 4090
 SMs: 128, SharedMem: 100 KB, Blocks/SM: 24, Threads/SM: 1536, L2 size: 72 MB, Bus: 384-bit
[phase] encrypt rows
[phase] GPU-only CCMM chain via rt.ccmm_gpu_fused_raw
[ccmm_gpu_fused_raw] layer=0
[ccmm_gpu_fused_raw] layer=1
[ccmm_gpu_fused_raw] layer=2
[ccmm_gpu_fused_raw] layer=3
[phase] explicit materialize via rt.materialize_gpu_ciphertexts
[phase] decrypt materialized rows
====================================================================================================
WP4-J layered CCMM API report
{
  "experiment": "wp4j_layered_ccmm_api",
  "purpose": "Validate formal GPU-only compute / materialize / decrypt API layering.",
  "n": 8,
  "layers": 4,
  "slots": 8,
  "seed": 205700,
  "timing_us": {
    "encrypt_rows": 124974.2685546875,
    "gpu_only_compute_layer_times": [
      25306.49853515625,
      22105.71435546875,
      22356.5126953125,
      22516.86474609375
    ],
    "explicit_materialize_all_rows": 88917.7080078125,
    "decrypt_materialized_rows": 39235.67578125,
    "gpu_only_compute_total": 92285.59033203125
  },
  "states": {
    "gpu_only_compute_states_first2_each_layer": [
      [
        {
          "valid": true,
          "loaded": true,
          "gpu": 18,
          "has_cpu": true,
          "level": 4294967295,
          "noise_scale_deg": 2,
          "original_level": 3
        },
        {
          "valid": true,
          "loaded": true,
          "gpu": 20,
          "has_cpu": true,
          "level": 4294967295,
          "noise_scale_deg": 2,
          "original_level": 3
        }
      ],
      [
        {
          "valid": true,
          "loaded": true,
          "gpu": 34,
          "has_cpu": true,
          "level": 4294967295,
          "noise_scale_deg": 2,
          "original_level": 3
        },
        {
          "valid": true,
          "loaded": true,
          "gpu": 36,
          "has_cpu": true,
          "level": 4294967295,
          "noise_scale_deg": 2,
          "original_level": 3
        }
      ],
      [
        {
          "valid": true,
          "loaded": true,
          "gpu": 50,
          "has_cpu": true,
          "level": 4294967295,
          "noise_scale_deg": 2,
          "original_level": 3
        },
        {
          "valid": true,
          "loaded": true,
          "gpu": 52,
          "has_cpu": true,
          "level": 4294967295,
          "noise_scale_deg": 2,
          "original_level": 3
        }
      ],
      [
        {
          "valid": true,
          "loaded": true,
          "gpu": 66,
          "has_cpu": true,
          "level": 4294967295,
          "noise_scale_deg": 2,
          "original_level": 3
        },
        {
          "valid": true,
          "loaded": true,
          "gpu": 68,
          "has_cpu": true,
          "level": 4294967295,
          "noise_scale_deg": 2,
          "original_level": 3
        }
      ]
    ],
    "materialized_states_first2": [
      {
        "valid": true,
        "loaded": false,
        "gpu": 0,
        "has_cpu": true,
        "level": 4294967295,
        "noise_scale_deg": 2,
        "original_level": 3
      },
      {
        "valid": true,
        "loaded": false,
        "gpu": 0,
        "has_cpu": true,
        "level": 4294967295,
        "noise_scale_deg": 2,
        "original_level": 3
      }
    ]
  },
  "errors": {
    "gpu_only_layered_api_to_ref_max_abs_err": 1.318944953254686e-13
  },
  "Y_ref_first_row": [
    0.11698030746127665,
    0.5977208232787778,
    -0.09771706378500157,
    -0.10333245917302783,
    -0.5074234543075586,
    -0.40475268974134404,
    0.332240204334647,
    -0.041823664846656096
  ],
  "dec_first_row": [
    0.1169803074613015,
    0.5977208232788742,
    -0.09771706378506236,
    -0.10333245917309603,
    -0.5074234543075318,
    -0.40475268974134915,
    0.332240204334669,
    -0.04182366484666253
  ]
}
====================================================================================================
saved: /workspace/FIDESlib-GPT/reports/wp4j_layered_ccmm_api_report.json
Cuda failure /root/fideslib/src/CKKS/Context.cu:841: 'driver shutting down'
