GPU 0: NVIDIA GeForce RTX 4090
 SMs: 128, SharedMem: 100 KB, Blocks/SM: 24, Threads/SM: 1536, L2 size: 72 MB, Bus: 384-bit
GPU 1: NVIDIA GeForce RTX 4090
 SMs: 128, SharedMem: 100 KB, Blocks/SM: 24, Threads/SM: 1536, L2 size: 72 MB, Bus: 384-bit
GPU 2: NVIDIA GeForce RTX 4090
 SMs: 128, SharedMem: 100 KB, Blocks/SM: 24, Threads/SM: 1536, L2 size: 72 MB, Bus: 384-bit
GPU 3: NVIDIA GeForce RTX 4090
 SMs: 128, SharedMem: 100 KB, Blocks/SM: 24, Threads/SM: 1536, L2 size: 72 MB, Bus: 384-bit
GPU 4: NVIDIA GeForce RTX 4090
 SMs: 128, SharedMem: 100 KB, Blocks/SM: 24, Threads/SM: 1536, L2 size: 72 MB, Bus: 384-bit
GPU 5: NVIDIA GeForce RTX 4090
 SMs: 128, SharedMem: 100 KB, Blocks/SM: 24, Threads/SM: 1536, L2 size: 72 MB, Bus: 384-bit
GPU 6: NVIDIA GeForce RTX 4090
 SMs: 128, SharedMem: 100 KB, Blocks/SM: 24, Threads/SM: 1536, L2 size: 72 MB, Bus: 384-bit
GPU 7: NVIDIA GeForce RTX 4090
 SMs: 128, SharedMem: 100 KB, Blocks/SM: 24, Threads/SM: 1536, L2 size: 72 MB, Bus: 384-bit
====================================================================================================
WP4-P4b manual coefficient decrypt probe
{
  "experiment": "wp4p4b_manual_coef_decrypt_probe",
  "purpose": "Manually decrypt native coefficient-row ciphertext using RLWE phase phase = c0 + c1 * sk, bypassing OpenFHE high-level coefficient decrypt.",
  "status": "debug_probe_only",
  "input_row_i64": [
    -3,
    -2,
    -1,
    0,
    1,
    2,
    3,
    4
  ],
  "coef_encrypt": {
    "ok": true,
    "error": null
  },
  "openfhe_high_level_decrypt": {
    "ok": false,
    "error": "RuntimeError('/root/fideslib/deps/openfhe-src/src/pke/lib/scheme/ckksrns/ckksrns-pke.cpp:l.60:Decrypt(): sizeQl 4!= 1. If sizeQl = 0, consider increasing the depth. If sizeQl > 1, check parameters (this is unsupported for NativePoly).')"
  },
  "manual_decrypt": {
    "ok": true,
    "value": [
      -715,
      -1030,
      262,
      1140,
      -381,
      541,
      8,
      579
    ]
  },
  "manual_decrypt_first_values": [
    -715,
    -1030,
    262,
    1140,
    -381,
    541,
    8,
    579
  ],
  "errors": {
    "manual_roundtrip_exact": false,
    "manual_roundtrip_max_abs_err": 1140,
    "manual_diff": [
      -712,
      -1028,
      263,
      1140,
      -382,
      539,
      5,
      575
    ]
  }
}
====================================================================================================
saved: /workspace/FIDESlib-GPT/reports/wp4p4b_manual_coef_decrypt_probe_report.json
Cuda failure /root/fideslib/src/CKKS/Context.cu:841: 'driver shutting down'
