GPU 0: NVIDIA GeForce RTX 4090
 SMs: 128, SharedMem: 100 KB, Blocks/SM: 24, Threads/SM: 1536, L2 size: 72 MB, Bus: 384-bit
GPU 1: NVIDIA GeForce RTX 4090
 SMs: 128, SharedMem: 100 KB, Blocks/SM: 24, Threads/SM: 1536, L2 size: 72 MB, Bus: 384-bit
GPU 2: NVIDIA GeForce RTX 4090
 SMs: 128, SharedMem: 100 KB, Blocks/SM: 24, Threads/SM: 1536, L2 size: 72 MB, Bus: 384-bit
GPU 3: NVIDIA GeForce RTX 4090
 SMs: 128, SharedMem: 100 KB, Blocks/SM: 24, Threads/SM: 1536, L2 size: 72 MB, Bus: 384-bit
GPU 4: NVIDIA GeForce RTX 4090
 SMs: 128, SharedMem: 100 KB, Blocks/SM: 24, Threads/SM: 1536, L2 size: 72 MB, Bus: 384-bit
GPU 5: NVIDIA GeForce RTX 4090
 SMs: 128, SharedMem: 100 KB, Blocks/SM: 24, Threads/SM: 1536, L2 size: 72 MB, Bus: 384-bit
GPU 6: NVIDIA GeForce RTX 4090
 SMs: 128, SharedMem: 100 KB, Blocks/SM: 24, Threads/SM: 1536, L2 size: 72 MB, Bus: 384-bit
GPU 7: NVIDIA GeForce RTX 4090
 SMs: 128, SharedMem: 100 KB, Blocks/SM: 24, Threads/SM: 1536, L2 size: 72 MB, Bus: 384-bit
====================================================================================================
WP4-W2 component primitive probe
{
  "experiment": "wp4w2_component_primitive_probe",
  "purpose": "Probe DCRTPoly component-level primitives needed for paper-aligned Algorithm 3 PP-MM: selected component multiply and one-component add.",
  "status": "component_primitive_probe_only_no_full_ppmm_no_final_decrypt",
  "input_U_i64": [
    [
      1,
      -1,
      2,
      -1
    ],
    [
      0,
      1,
      1,
      2
    ],
    [
      -2,
      2,
      2,
      1
    ],
    [
      2,
      1,
      -1,
      2
    ]
  ],
  "input_V_i64": [
    [
      1,
      1,
      -2,
      -1
    ],
    [
      -2,
      -1,
      -2,
      -2
    ],
    [
      2,
      -2,
      0,
      -1
    ],
    [
      1,
      -2,
      0,
      1
    ]
  ],
  "reference_U_matmul_V_i64": [
    [
      6,
      0,
      0,
      -2
    ],
    [
      2,
      -7,
      -2,
      -1
    ],
    [
      -1,
      -10,
      0,
      -3
    ],
    [
      0,
      -1,
      -6,
      -1
    ]
  ],
  "component_mapping": {
    "L0": "U.rows[*].GetElements()[0] / c0",
    "L1": "U.rows[*].GetElements()[1] / c1",
    "R0": "CMT(V)[*].GetElements()[0] / c0",
    "R1": "CMT(V)[*].GetElements()[1] / c1",
    "paper_formula": {
      "C0": "PP-MM(L0, R0)",
      "C1": "PP-MM(L0, R1) + PP-MM(L1, R0)",
      "C2": "PP-MM(L1, R1)"
    }
  },
  "component_mul_cases": [
    {
      "name": "L0_R0_for_C0",
      "left_part": 0,
      "right_part": 0,
      "formula": "component_mul(L0, R0)",
      "zh": "对应 C0 = PP-MM(L0,R0) 的单项 component multiply",
      "call": {
        "ok": true,
        "error": null
      },
      "inspect": {
        "ok": true,
        "value": {
          "valid": true,
          "openfhe_level": 0,
          "openfhe_noise_scale_deg": 1,
          "openfhe_scaling_factor": 1.0,
          "openfhe_slots": 0,
          "openfhe_encoding_type": 1,
          "num_parts": 1,
          "parts_summary": [
            {
              "part_index": 0,
              "num_towers": 4,
              "tower0_ring_dim": 16384,
              "tower0_coeff_head": [
                648880715518984035,
                564296306984535767,
                580843979195198756,
                972742971370167164,
                387849284834986193,
                844534925080182954,
                431027990475390345,
                566395920577401619
              ]
            }
          ]
        }
      }
    },
    {
      "name": "L0_R1_for_C1_left",
      "left_part": 0,
      "right_part": 1,
      "formula": "component_mul(L0, R1)",
      "zh": "对应 C1 左半项 PP-MM(L0,R1)",
      "call": {
        "ok": true,
        "error": null
      },
      "inspect": {
        "ok": true,
        "value": {
          "valid": true,
          "openfhe_level": 0,
          "openfhe_noise_scale_deg": 1,
          "openfhe_scaling_factor": 1.0,
          "openfhe_slots": 0,
          "openfhe_encoding_type": 1,
          "num_parts": 1,
          "parts_summary": [
            {
              "part_index": 0,
              "num_towers": 4,
              "tower0_ring_dim": 16384,
              "tower0_coeff_head": [
                162152709049797798,
                1130133644117008827,
                75336657892008899,
                607168323069025396,
                3646848486392827,
                723019922891371852,
                276229528415889826,
                760064476208826844
              ]
            }
          ]
        }
      }
    },
    {
      "name": "L1_R0_for_C1_right",
      "left_part": 1,
      "right_part": 0,
      "formula": "component_mul(L1, R0)",
      "zh": "对应 C1 右半项 PP-MM(L1,R0)",
      "call": {
        "ok": true,
        "error": null
      },
      "inspect": {
        "ok": true,
        "value": {
          "valid": true,
          "openfhe_level": 0,
          "openfhe_noise_scale_deg": 1,
          "openfhe_scaling_factor": 1.0,
          "openfhe_slots": 0,
          "openfhe_encoding_type": 1,
          "num_parts": 1,
          "parts_summary": [
            {
              "part_index": 0,
              "num_towers": 4,
              "tower0_ring_dim": 16384,
              "tower0_coeff_head": [
                626253554022293384,
                595606740582106597,
                333593364183169946,
                447824219046277288,
                275834726982676040,
                698968721301212460,
                670862081034146971,
                841107551536140336
              ]
            }
          ]
        }
      }
    },
    {
      "name": "L1_R1_for_C2",
      "left_part": 1,
      "right_part": 1,
      "formula": "component_mul(L1, R1)",
      "zh": "对应 C2 = PP-MM(L1,R1) 的单项 component multiply",
      "call": {
        "ok": true,
        "error": null
      },
      "inspect": {
        "ok": true,
        "value": {
          "valid": true,
          "openfhe_level": 0,
          "openfhe_noise_scale_deg": 1,
          "openfhe_scaling_factor": 1.0,
          "openfhe_slots": 0,
          "openfhe_encoding_type": 1,
          "num_parts": 1,
          "parts_summary": [
            {
              "part_index": 0,
              "num_towers": 4,
              "tower0_ring_dim": 16384,
              "tower0_coeff_head": [
                328890184227149854,
                871782573440805077,
                195844674368824667,
                833513533938609807,
                565222004996678438,
                889855946885355698,
                602284914313611673,
                184612702667305684
              ]
            }
          ]
        }
      }
    }
  ],
  "component_add_probe": {
    "formula": "component_add(component_mul(L0,R1), component_mul(L1,R0))",
    "zh": "对应 Algorithm 3 里 C1 的两个 PP-MM 项相加的最小 primitive probe",
    "call": {
      "ok": true,
      "error": null
    },
    "inspect": {
      "ok": true,
      "value": {
        "valid": true,
        "openfhe_level": 0,
        "openfhe_noise_scale_deg": 1,
        "openfhe_scaling_factor": 1.0,
        "openfhe_slots": 0,
        "openfhe_encoding_type": 1,
        "num_parts": 1,
        "parts_summary": [
          {
            "part_index": 0,
            "num_towers": 4,
            "tower0_ring_dim": 16384,
            "tower0_coeff_head": [
              788406263072091182,
              572818880092366751,
              408930022075178845,
              1054992542115302684,
              279481575469068867,
              269067139585835639,
              947091609450036797,
              448250523138218507
            ]
          }
        ]
      }
    }
  },
  "checks": {
    "all_component_mul_calls_ok（四种 L0/L1 × R0/R1 component multiply 全部调用成功）": true,
    "all_component_mul_outputs_are_1part（所有 component multiply 输出都是 1-component handle）": true,
    "component_add_call_ok（C1 两个 one-component 项相加调用成功）": true,
    "component_add_output_is_1part（component add 输出仍是 1-component handle）": true,
    "V_cmt_auto_alphas_expected（C-MT(V) Auto alpha 是 [1,3,5,7]）": true,
    "ready_for_W3_ppmm_skeleton（已具备实现 PP-MM skeleton 的 component primitive）": true
  },
  "summary": {
    "next_step": "WP4-W3",
    "next_step_goal": "Use component_mul_part_coeff_ct and component_add_1part_coeff_ct to build paper-aligned C0/C1/C2 one-component matrices, then assemble 3-component ciphertexts without using whole-ciphertext multiplication.",
    "zh": "下一步用 component primitive 组装论文 Algorithm 3 的 C0/C1/C2，而不是整密文相乘。"
  }
}
====================================================================================================
saved: /workspace/FIDESlib-GPT/reports/wp4w2_component_primitive_probe_report.json
Cuda failure /root/fideslib/src/CKKS/Context.cu:841: 'driver shutting down'
