GPU 0: NVIDIA GeForce RTX 4090
 SMs: 128, SharedMem: 100 KB, Blocks/SM: 24, Threads/SM: 1536, L2 size: 72 MB, Bus: 384-bit
GPU 1: NVIDIA GeForce RTX 4090
 SMs: 128, SharedMem: 100 KB, Blocks/SM: 24, Threads/SM: 1536, L2 size: 72 MB, Bus: 384-bit
GPU 2: NVIDIA GeForce RTX 4090
 SMs: 128, SharedMem: 100 KB, Blocks/SM: 24, Threads/SM: 1536, L2 size: 72 MB, Bus: 384-bit
GPU 3: NVIDIA GeForce RTX 4090
 SMs: 128, SharedMem: 100 KB, Blocks/SM: 24, Threads/SM: 1536, L2 size: 72 MB, Bus: 384-bit
GPU 4: NVIDIA GeForce RTX 4090
 SMs: 128, SharedMem: 100 KB, Blocks/SM: 24, Threads/SM: 1536, L2 size: 72 MB, Bus: 384-bit
GPU 5: NVIDIA GeForce RTX 4090
 SMs: 128, SharedMem: 100 KB, Blocks/SM: 24, Threads/SM: 1536, L2 size: 72 MB, Bus: 384-bit
GPU 6: NVIDIA GeForce RTX 4090
 SMs: 128, SharedMem: 100 KB, Blocks/SM: 24, Threads/SM: 1536, L2 size: 72 MB, Bus: 384-bit
GPU 7: NVIDIA GeForce RTX 4090
 SMs: 128, SharedMem: 100 KB, Blocks/SM: 24, Threads/SM: 1536, L2 size: 72 MB, Bus: 384-bit
[Y2m] computing raw phases for mode=raw_component
[Y2m] computing raw phases for mode=phase_aware
====================================================================================================
WP4-Y2m raw RLWE phase linearity audit
{
  "experiment": "wp4y2m_raw_phase_linearity_audit",
  "purpose": "Audit ciphertext addition at raw RLWE phase level: phase(c0,c1)=c0+c1*sk mod q. This avoids the invalid assumption that separate compress/decrypt results are additively linear.",
  "status": "debug_raw_phase_audit",
  "cases": [
    {
      "temp_cmt_mode": "raw_component",
      "phase_tower": 0,
      "phase_modulus": 1152921504606748673,
      "phase_prefix_centered": {
        "line5": [
          [
            140,
            106,
            238,
            283
          ],
          [
            0,
            0,
            0,
            0
          ],
          [
            0,
            0,
            0,
            0
          ],
          [
            0,
            0,
            0,
            0
          ]
        ],
        "T01": [
          [
            0,
            0,
            0,
            0
          ],
          [
            0,
            0,
            0,
            0
          ],
          [
            2,
            2,
            1,
            -1
          ],
          [
            2,
            2,
            1,
            -1
          ]
        ],
        "M10_M11": [
          [
            0,
            0,
            0,
            0
          ],
          [
            -1,
            0,
            0,
            0
          ],
          [
            -1,
            0,
            0,
            0
          ],
          [
            -1,
            0,
            0,
            0
          ]
        ],
        "sum": [
          [
            140,
            106,
            238,
            283
          ],
          [
            -1,
            0,
            0,
            0
          ],
          [
            1,
            2,
            1,
            -1
          ],
          [
            1,
            2,
            1,
            -1
          ]
        ],
        "prefix_final": [
          [
            304980028974448731,
            -357606208966418247,
            -137768872203800691,
            194411434270716323
          ],
          [
            -1,
            0,
            0,
            0
          ],
          [
            1,
            2,
            1,
            -1
          ],
          [
            1,
            2,
            1,
            -1
          ]
        ],
        "full_final": [
          [
            140,
            106,
            238,
            283
          ],
          [
            -1,
            0,
            0,
            0
          ],
          [
            1,
            2,
            1,
            -1
          ],
          [
            1,
            2,
            1,
            -1
          ]
        ],
        "native_final": [
          [
            -465733086702550681,
            -339842503246872196,
            171307076033934486,
            320330959430469813
          ],
          [
            343664577696276584,
            -365557769795627047,
            -459703835235785046,
            6582000933351738
          ],
          [
            325267767715634222,
            164422922086905589,
            315208973347453275,
            525242355531715029
          ],
          [
            325267767715634222,
            164422922086905589,
            315208973347453275,
            525242355531715029
          ]
        ]
      },
      "phase_linearity": {
        "prefix_final_vs_sum": {
          "max_abs_centered": 357606208966418353,
          "l1_centered": 994766544415383913,
          "diff_centered": [
            [
              304980028974448591,
              -357606208966418353,
              -137768872203800929,
              194411434270716040
            ],
            [
              0,
              0,
              0,
              0
            ],
            [
              0,
              0,
              0,
              0
            ],
            [
              0,
              0,
              0,
              0
            ]
          ]
        },
        "full_final_vs_sum": {
          "max_abs_centered": 0,
          "l1_centered": 0,
          "diff_centered": [
            [
              0,
              0,
              0,
              0
            ],
            [
              0,
              0,
              0,
              0
            ],
            [
              0,
              0,
              0,
              0
            ],
            [
              0,
              0,
              0,
              0
            ]
          ]
        },
        "native_final_vs_sum": {
          "max_abs_centered": 525242355531715030,
          "l1_centered": 5133005846438283541,
          "diff_centered": [
            [
              -465733086702550821,
              -339842503246872302,
              171307076033934248,
              320330959430469530
            ],
            [
              343664577696276585,
              -365557769795627047,
              -459703835235785046,
              6582000933351738
            ],
            [
              325267767715634221,
              164422922086905587,
              315208973347453274,
              525242355531715030
            ],
            [
              325267767715634221,
              164422922086905587,
              315208973347453274,
              525242355531715030
            ]
          ]
        }
      },
      "decrypt_after_compress_i64": {
        "line5": [
          [
            -10,
            6,
            -12,
            -17
          ],
          [
            0,
            0,
            0,
            0
          ],
          [
            0,
            0,
            0,
            0
          ],
          [
            0,
            0,
            0,
            0
          ]
        ],
        "T01": [
          [
            0,
            0,
            0,
            0
          ],
          [
            0,
            0,
            0,
            0
          ],
          [
            2,
            2,
            1,
            -1
          ],
          [
            2,
            2,
            1,
            -1
          ]
        ],
        "M10_M11": [
          [
            0,
            0,
            0,
            0
          ],
          [
            -1,
            0,
            0,
            0
          ],
          [
            -1,
            0,
            0,
            0
          ],
          [
            -1,
            0,
            0,
            0
          ]
        ],
        "decoded_sum": [
          [
            -10,
            6,
            -12,
            -17
          ],
          [
            -1,
            0,
            0,
            0
          ],
          [
            1,
            2,
            1,
            -1
          ],
          [
            1,
            2,
            1,
            -1
          ]
        ],
        "prefix_final": [
          [
            -19,
            3,
            9,
            23
          ],
          [
            -1,
            0,
            0,
            0
          ],
          [
            1,
            2,
            1,
            -1
          ],
          [
            1,
            2,
            1,
            -1
          ]
        ],
        "full_final": [
          [
            -10,
            6,
            -12,
            -17
          ],
          [
            -1,
            0,
            0,
            0
          ],
          [
            1,
            2,
            1,
            -1
          ],
          [
            1,
            2,
            1,
            -1
          ]
        ],
        "native_final": [
          [
            19,
            4,
            -14,
            13
          ],
          [
            -16,
            3,
            4,
            -12
          ],
          [
            22,
            -11,
            25,
            -21
          ],
          [
            22,
            -11,
            25,
            -21
          ]
        ]
      },
      "decrypt_vs_raw_phase_centered": {
        "line5": {
          "max_abs_err": 300,
          "l1_err": 800,
          "diff": [
            [
              -150,
              -100,
              -250,
              -300
            ],
            [
              0,
              0,
              0,
              0
            ],
            [
              0,
              0,
              0,
              0
            ],
            [
              0,
              0,
              0,
              0
            ]
          ]
        },
        "T01": {
          "max_abs_err": 0,
          "l1_err": 0,
          "diff": [
            [
              0,
              0,
              0,
              0
            ],
            [
              0,
              0,
              0,
              0
            ],
            [
              0,
              0,
              0,
              0
            ],
            [
              0,
              0,
              0,
              0
            ]
          ]
        },
        "M10_M11": {
          "max_abs_err": 0,
          "l1_err": 0,
          "diff": [
            [
              0,
              0,
              0,
              0
            ],
            [
              0,
              0,
              0,
              0
            ],
            [
              0,
              0,
              0,
              0
            ],
            [
              0,
              0,
              0,
              0
            ]
          ]
        },
        "prefix_final": {
          "max_abs_err": 357606208966418250,
          "l1_err": 994766544415384000,
          "diff": [
            [
              -304980028974448750,
              357606208966418250,
              137768872203800700,
              -194411434270716300
            ],
            [
              0,
              0,
              0,
              0
            ],
            [
              0,
              0,
              0,
              0
            ],
            [
              0,
              0,
              0,
              0
            ]
          ]
        },
        "full_final": {
          "max_abs_err": 300,
          "l1_err": 800,
          "diff": [
            [
              -150,
              -100,
              -250,
              -300
            ],
            [
              0,
              0,
              0,
              0
            ],
            [
              0,
              0,
              0,
              0
            ],
            [
              0,
              0,
              0,
              0
            ]
          ]
        },
        "native_final": {
          "max_abs_err": 525242355531715050,
          "l1_err": 5133005846438283850,
          "diff": [
            [
              465733086702550700,
              339842503246872200,
              -171307076033934500,
              -320330959430469800
            ],
            [
              -343664577696276600,
              365557769795627050,
              459703835235785050,
              -6582000933351750
            ],
            [
              -325267767715634200,
              -164422922086905600,
              -315208973347453250,
              -525242355531715050
            ],
            [
              -325267767715634200,
              -164422922086905600,
              -315208973347453250,
              -525242355531715050
            ]
          ]
        }
      }
    },
    {
      "temp_cmt_mode": "phase_aware",
      "phase_tower": 0,
      "phase_modulus": 1152921504606748673,
      "phase_prefix_centered": {
        "line5": [
          [
            -218295325031949534,
            515321806578417679,
            -330549094501443046,
            353699456573360512
          ],
          [
            -199898515051307172,
            -14658885304114957,
            47459601522067306,
            -164960898025002779
          ],
          [
            -181501705070664810,
            -544639577186647593,
            425468297545577658,
            469300251983382603
          ],
          [
            -181501705070664810,
            -544639577186647593,
            425468297545577658,
            469300251983382603
          ]
        ],
        "T01": [
          [
            0,
            0,
            0,
            0
          ],
          [
            1,
            1,
            1,
            1
          ],
          [
            2,
            2,
            2,
            2
          ],
          [
            1,
            1,
            1,
            1
          ]
        ],
        "M10_M11": [
          [
            0,
            0,
            0,
            0
          ],
          [
            -1,
            0,
            0,
            0
          ],
          [
            -1,
            0,
            0,
            0
          ],
          [
            -1,
            0,
            0,
            0
          ]
        ],
        "sum": [
          [
            -218295325031949534,
            515321806578417679,
            -330549094501443046,
            353699456573360512
          ],
          [
            -199898515051307172,
            -14658885304114956,
            47459601522067307,
            -164960898025002778
          ],
          [
            -181501705070664809,
            -544639577186647591,
            425468297545577660,
            469300251983382605
          ],
          [
            -181501705070664810,
            -544639577186647592,
            425468297545577659,
            469300251983382604
          ]
        ],
        "prefix_final": [
          [
            2562199851167931,
            57924940497216406,
            386632595835213174,
            119381723955121257
          ],
          [
            2843674827878563,
            57924940497216407,
            386351120858502543,
            119100248978410626
          ],
          [
            3125149804589196,
            57924940497216408,
            386069645881791912,
            118818774001699995
          ],
          [
            3125149804589195,
            57924940497216407,
            386069645881791911,
            118818774001699994
          ]
        ],
        "full_final": [
          [
            -218295325031949534,
            515321806578417679,
            -330549094501443046,
            353699456573360512
          ],
          [
            -199898515051307172,
            -14658885304114956,
            47459601522067307,
            -164960898025002778
          ],
          [
            -181501705070664809,
            -544639577186647591,
            425468297545577660,
            469300251983382605
          ],
          [
            -181501705070664810,
            -544639577186647592,
            425468297545577659,
            469300251983382604
          ]
        ],
        "native_final": [
          [
            -340434202782401429,
            5558051708109226,
            -73588480450541674,
            -318725608887683866
          ],
          [
            487078796620357706,
            -550137906723178155,
            -326590695696750616,
            1786582623583724
          ],
          [
            505194131624289436,
            72802906001037882,
            51418000326759736,
            -516873771974779567
          ],
          [
            505475606601000068,
            72802906001037882,
            51418000326759736,
            -516873771974779567
          ]
        ]
      },
      "phase_linearity": {
        "prefix_final_vs_sum": {
          "max_abs_centered": 550356986922884674,
          "l1_centered": 4496318562760230258,
          "diff_centered": [
            [
              220857524883117465,
              -457396866081201273,
              -435739814270092453,
              -234317732618239255
            ],
            [
              202742189879185735,
              72583825801331363,
              338891519336435236,
              284061147003413404
            ],
            [
              184626854875254005,
              -550356986922884674,
              -39398651663785748,
              -350481477981682610
            ],
            [
              184626854875254005,
              -550356986922884674,
              -39398651663785748,
              -350481477981682610
            ]
          ]
        },
        "full_final_vs_sum": {
          "max_abs_centered": 0,
          "l1_centered": 0,
          "diff_centered": [
            [
              0,
              0,
              0,
              0
            ],
            [
              0,
              0,
              0,
              0
            ],
            [
              0,
              0,
              0,
              0
            ],
            [
              0,
              0,
              0,
              0
            ]
          ]
        },
        "native_final_vs_sum": {
          "max_abs_centered": 535479021419063200,
          "l1_centered": 5996304137458730906,
          "diff_centered": [
            [
              -122138877750451895,
              -509763754870308453,
              256960614050901372,
              480496439145704295
            ],
            [
              -465944192935083795,
              -535479021419063199,
              -374050297218817923,
              166747480648586502
            ],
            [
              -466225667911794428,
              -535479021419063200,
              -374050297218817924,
              166747480648586501
            ],
            [
              -465944192935083795,
              -535479021419063199,
              -374050297218817923,
              166747480648586502
            ]
          ]
        }
      },
      "decrypt_after_compress_i64": {
        "line5": [
          [
            16,
            -21,
            4,
            12
          ],
          [
            -22,
            -7,
            6,
            21
          ],
          [
            -10,
            7,
            8,
            3
          ],
          [
            -10,
            7,
            8,
            3
          ]
        ],
        "T01": [
          [
            0,
            0,
            0,
            0
          ],
          [
            1,
            1,
            1,
            1
          ],
          [
            2,
            2,
            2,
            2
          ],
          [
            1,
            1,
            1,
            1
          ]
        ],
        "M10_M11": [
          [
            0,
            0,
            0,
            0
          ],
          [
            -1,
            0,
            0,
            0
          ],
          [
            -1,
            0,
            0,
            0
          ],
          [
            -1,
            0,
            0,
            0
          ]
        ],
        "decoded_sum": [
          [
            16,
            -21,
            4,
            12
          ],
          [
            -22,
            -6,
            7,
            22
          ],
          [
            -9,
            9,
            10,
            5
          ],
          [
            -10,
            8,
            9,
            4
          ]
        ],
        "prefix_final": [
          [
            -19,
            6,
            24,
            7
          ],
          [
            13,
            7,
            -7,
            -24
          ],
          [
            -4,
            8,
            12,
            -5
          ],
          [
            -5,
            7,
            11,
            -6
          ]
        ],
        "full_final": [
          [
            16,
            -21,
            4,
            12
          ],
          [
            -22,
            -6,
            7,
            22
          ],
          [
            -9,
            9,
            10,
            5
          ],
          [
            -10,
            8,
            9,
            4
          ]
        ],
        "native_final": [
          [
            21,
            -24,
            -24,
            -16
          ],
          [
            6,
            -5,
            -16,
            24
          ],
          [
            -14,
            -18,
            -14,
            -17
          ],
          [
            18,
            -18,
            -14,
            -17
          ]
        ]
      },
      "decrypt_vs_raw_phase_centered": {
        "line5": {
          "max_abs_err": 544639577186647600,
          "l1_err": 5086663246160208300,
          "diff": [
            [
              218295325031949550,
              -515321806578417700,
              330549094501443050,
              -353699456573360500
            ],
            [
              199898515051307150,
              14658885304114950,
              -47459601522067300,
              164960898025002800
            ],
            [
              181501705070664800,
              544639577186647600,
              -425468297545577650,
              -469300251983382600
            ],
            [
              181501705070664800,
              544639577186647600,
              -425468297545577650,
              -469300251983382600
            ]
          ]
        },
        "T01": {
          "max_abs_err": 0,
          "l1_err": 0,
          "diff": [
            [
              0,
              0,
              0,
              0
            ],
            [
              0,
              0,
              0,
              0
            ],
            [
              0,
              0,
              0,
              0
            ],
            [
              0,
              0,
              0,
              0
            ]
          ]
        },
        "M10_M11": {
          "max_abs_err": 0,
          "l1_err": 0,
          "diff": [
            [
              0,
              0,
              0,
              0
            ],
            [
              0,
              0,
              0,
              0
            ],
            [
              0,
              0,
              0,
              0
            ],
            [
              0,
              0,
              0,
              0
            ]
          ]
        },
        "prefix_final": {
          "max_abs_err": 386632595835213150,
          "l1_err": 2264598465671321900,
          "diff": [
            [
              -2562199851167950,
              -57924940497216400,
              -386632595835213150,
              -119381723955121250
            ],
            [
              -2843674827878550,
              -57924940497216400,
              -386351120858502550,
              -119100248978410650
            ],
            [
              -3125149804589200,
              -57924940497216400,
              -386069645881791900,
              -118818774001700000
            ],
            [
              -3125149804589200,
              -57924940497216400,
              -386069645881791900,
              -118818774001700000
            ]
          ]
        },
        "full_final": {
          "max_abs_err": 544639577186647600,
          "l1_err": 5086663246160208300,
          "diff": [
            [
              218295325031949550,
              -515321806578417700,
              330549094501443050,
              -353699456573360500
            ],
            [
              199898515051307150,
              14658885304114950,
              -47459601522067300,
              164960898025002800
            ],
            [
              181501705070664800,
              544639577186647600,
              -425468297545577650,
              -469300251983382600
            ],
            [
              181501705070664800,
              544639577186647600,
              -425468297545577650,
              -469300251983382600
            ]
          ]
        },
        "native_final": {
          "max_abs_err": 550137906723178150,
          "l1_err": 4396759420323050250,
          "diff": [
            [
              340434202782401450,
              -5558051708109250,
              73588480450541650,
              318725608887683850
            ],
            [
              -487078796620357700,
              550137906723178150,
              326590695696750600,
              -1786582623583700
            ],
            [
              -505194131624289450,
              -72802906001037900,
              -51418000326759750,
              516873771974779550
            ],
            [
              -505475606601000050,
              -72802906001037900,
              -51418000326759750,
              516873771974779550
            ]
          ]
        }
      }
    }
  ],
  "checks": {
    "prefix_raw_add_phase_linear_all_modes（prefix raw add 的 raw phase 是否线性）": false,
    "full_ring_raw_add_phase_linear_all_modes（full-ring raw add 的 raw phase 是否线性）": true,
    "native_add_phase_linear_all_modes（native add_coeff_ct 的 raw phase 是否线性）": false,
    "decrypt_matches_raw_phase_all_terms（compress/decrypt 输出是否等于 raw phase centered prefix）": false,
    "mode_summaries（各模式 raw phase 线性摘要）": [
      {
        "temp_cmt_mode": "raw_component",
        "prefix_phase_max_abs_vs_sum": 357606208966418353,
        "full_ring_phase_max_abs_vs_sum": 0,
        "native_phase_max_abs_vs_sum": 525242355531715030,
        "max_decrypt_vs_raw_phase": 525242355531715050
      },
      {
        "temp_cmt_mode": "phase_aware",
        "prefix_phase_max_abs_vs_sum": 550356986922884674,
        "full_ring_phase_max_abs_vs_sum": 0,
        "native_phase_max_abs_vs_sum": 535479021419063200,
        "max_decrypt_vs_raw_phase": 550137906723178150
      }
    ]
  },
  "global_decision": {
    "value": "raw_phase_add_is_linear_decode_sum_was_invalid_diagnostic",
    "next_step": "WP4-Y2n",
    "next_goal": "Stop comparing separately decoded terms. Use raw phase trace to diagnose Algorithm 3 formula/orientation.",
    "zh": "raw phase 层加法线性成立；之前逐项 decrypt 后再相加的诊断不成立。下一步用 raw phase 追踪公式。"
  }
}
====================================================================================================
saved: /workspace/FIDESlib-GPT/reports/wp4y2m_raw_phase_linearity_audit_report.json
Cuda failure /root/fideslib/src/CKKS/Context.cu:841: 'driver shutting down'
