GPU 0: NVIDIA GeForce RTX 4090
 SMs: 128, SharedMem: 100 KB, Blocks/SM: 24, Threads/SM: 1536, L2 size: 72 MB, Bus: 384-bit
GPU 1: NVIDIA GeForce RTX 4090
 SMs: 128, SharedMem: 100 KB, Blocks/SM: 24, Threads/SM: 1536, L2 size: 72 MB, Bus: 384-bit
GPU 2: NVIDIA GeForce RTX 4090
 SMs: 128, SharedMem: 100 KB, Blocks/SM: 24, Threads/SM: 1536, L2 size: 72 MB, Bus: 384-bit
GPU 3: NVIDIA GeForce RTX 4090
 SMs: 128, SharedMem: 100 KB, Blocks/SM: 24, Threads/SM: 1536, L2 size: 72 MB, Bus: 384-bit
GPU 4: NVIDIA GeForce RTX 4090
 SMs: 128, SharedMem: 100 KB, Blocks/SM: 24, Threads/SM: 1536, L2 size: 72 MB, Bus: 384-bit
GPU 5: NVIDIA GeForce RTX 4090
 SMs: 128, SharedMem: 100 KB, Blocks/SM: 24, Threads/SM: 1536, L2 size: 72 MB, Bus: 384-bit
GPU 6: NVIDIA GeForce RTX 4090
 SMs: 128, SharedMem: 100 KB, Blocks/SM: 24, Threads/SM: 1536, L2 size: 72 MB, Bus: 384-bit
GPU 7: NVIDIA GeForce RTX 4090
 SMs: 128, SharedMem: 100 KB, Blocks/SM: 24, Threads/SM: 1536, L2 size: 72 MB, Bus: 384-bit
====================================================================================================
WP4-Y2e secret-key export capability probe
{
  "experiment": "wp4y2e_sk_export_capability_probe",
  "purpose": "Check whether Python runtime already exposes secret-key coefficient export needed for controlled SK/RLWE coefficient-row encryption.",
  "status": "capability_probe",
  "required_for_next": {
    "api": "export_secret_key_coeff_u64(coeff_count)",
    "zh": "Y2e controlled RLWE probe 需要导出 secret key 的 RNS coefficient prefix。"
  },
  "python_runtime_attrs": {
    "export_secret_key_coeff_u64": false,
    "export_sk_coeff_u64": false,
    "export_secret_key_coeffs_u64": false,
    "export_private_key_coeff_u64": false,
    "inspect_secret_key_coeff_u64": false
  },
  "context_attrs": {
    "export_secret_key_coeff_u64": false,
    "export_sk_coeff_u64": false,
    "export_secret_key_coeffs_u64": false,
    "export_private_key_coeff_u64": false,
    "inspect_secret_key_coeff_u64": false
  },
  "calls": {},
  "checks": {
    "any_sk_export_api_available（是否已有 secret-key coefficient export API）": false,
    "any_sk_export_call_ok（是否已有 API 可成功调用）": false
  },
  "summary": {
    "if_available": "Proceed to Y2f controlled RLWE coefficient-row encryption in Python.",
    "if_missing": "Patch bindings.cpp/runtime.py to expose export_secret_key_coeff_u64(coeff_count).",
    "next_step": "WP4-Y2f",
    "zh": "如果没有 secret-key export API，就先补 pybind；如果已有，就直接构造 controlled RLWE ciphertext。"
  }
}
====================================================================================================
saved: /workspace/FIDESlib-GPT/reports/wp4y2e_sk_export_capability_probe_report.json
Cuda failure /root/fideslib/src/CKKS/Context.cu:841: 'driver shutting down'
