GPU 0: NVIDIA GeForce RTX 4090
 SMs: 128, SharedMem: 100 KB, Blocks/SM: 24, Threads/SM: 1536, L2 size: 72 MB, Bus: 384-bit
GPU 1: NVIDIA GeForce RTX 4090
 SMs: 128, SharedMem: 100 KB, Blocks/SM: 24, Threads/SM: 1536, L2 size: 72 MB, Bus: 384-bit
GPU 2: NVIDIA GeForce RTX 4090
 SMs: 128, SharedMem: 100 KB, Blocks/SM: 24, Threads/SM: 1536, L2 size: 72 MB, Bus: 384-bit
GPU 3: NVIDIA GeForce RTX 4090
 SMs: 128, SharedMem: 100 KB, Blocks/SM: 24, Threads/SM: 1536, L2 size: 72 MB, Bus: 384-bit
GPU 4: NVIDIA GeForce RTX 4090
 SMs: 128, SharedMem: 100 KB, Blocks/SM: 24, Threads/SM: 1536, L2 size: 72 MB, Bus: 384-bit
GPU 5: NVIDIA GeForce RTX 4090
 SMs: 128, SharedMem: 100 KB, Blocks/SM: 24, Threads/SM: 1536, L2 size: 72 MB, Bus: 384-bit
GPU 6: NVIDIA GeForce RTX 4090
 SMs: 128, SharedMem: 100 KB, Blocks/SM: 24, Threads/SM: 1536, L2 size: 72 MB, Bus: 384-bit
GPU 7: NVIDIA GeForce RTX 4090
 SMs: 128, SharedMem: 100 KB, Blocks/SM: 24, Threads/SM: 1536, L2 size: 72 MB, Bus: 384-bit
====================================================================================================
WP4-Y2d scaled rounding audit
{
  "experiment": "wp4y2d_scaled_rounding_audit",
  "purpose": "Audit the apparent contradiction in Y2c: large scales reported small residuals but did not report all rows as exact. This script prints per-row raw decoded, residual, and multiple rounding methods.",
  "status": "rounding_audit_before_bypassing_encrypt_path",
  "cases": [
    {
      "scale": 268435456,
      "rows": [
        {
          "row_name": "zero8",
          "input_row": [
            0,
            0,
            0,
            0,
            0,
            0,
            0,
            0
          ],
          "scale": 268435456,
          "scaled_input_row": [
            0,
            0,
            0,
            0,
            0,
            0,
            0,
            0
          ],
          "encrypt": {
            "ok": true,
            "error": null
          },
          "compress": {
            "ok": true,
            "error": null
          },
          "decrypt_after_compress": {
            "ok": true,
            "error": null,
            "raw_decoded_scaled_domain": [
              16,
              21,
              11,
              -3,
              22,
              -2,
              25,
              -22
            ]
          },
          "residual_scaled_domain": {
            "residual": [
              16,
              21,
              11,
              -3,
              22,
              -2,
              25,
              -22
            ],
            "residual_max_abs": 25,
            "residual_l1": 122,
            "rounding_threshold_scale_over_2": 134217728,
            "residual_strictly_below_rounding_threshold": true
          },
          "rounding": {
            "np_rint": {
              "value": [
                0,
                0,
                0,
                0,
                0,
                0,
                0,
                0
              ],
              "compare_to_input": {
                "exact": true,
                "max_abs_err": 0,
                "l1_err": 0,
                "diff": [
                  0,
                  0,
                  0,
                  0,
                  0,
                  0,
                  0,
                  0
                ]
              }
            },
            "python_round": {
              "value": [
                0,
                0,
                0,
                0,
                0,
                0,
                0,
                0
              ],
              "compare_to_input": {
                "exact": true,
                "max_abs_err": 0,
                "l1_err": 0,
                "diff": [
                  0,
                  0,
                  0,
                  0,
                  0,
                  0,
                  0,
                  0
                ]
              }
            },
            "integer_nearest": {
              "value": [
                0,
                0,
                0,
                0,
                0,
                0,
                0,
                0
              ],
              "compare_to_input": {
                "exact": true,
                "max_abs_err": 0,
                "l1_err": 0,
                "diff": [
                  0,
                  0,
                  0,
                  0,
                  0,
                  0,
                  0,
                  0
                ]
              }
            }
          },
          "audit_consistency": {
            "residual_below_threshold_implies_integer_exact": true,
            "all_rounding_methods_agree": true
          }
        },
        {
          "row_name": "basis0",
          "input_row": [
            1,
            0,
            0,
            0,
            0,
            0,
            0,
            0
          ],
          "scale": 268435456,
          "scaled_input_row": [
            268435456,
            0,
            0,
            0,
            0,
            0,
            0,
            0
          ],
          "encrypt": {
            "ok": false,
            "error": "RuntimeError('/root/fideslib/deps/openfhe-src/src/pke/lib/encoding/coefpackedencoding.cpp:l.50:encodeVec<lbcrypto::PolyImpl<bigintdyn::mubintvec<bigintdyn::ubint<long unsigned int> > > >(): Cannot encode integer 268435456 at position 0 because it is out of range of plaintext modulus 50')"
          }
        },
        {
          "row_name": "basis1",
          "input_row": [
            0,
            1,
            0,
            0,
            0,
            0,
            0,
            0
          ],
          "scale": 268435456,
          "scaled_input_row": [
            0,
            268435456,
            0,
            0,
            0,
            0,
            0,
            0
          ],
          "encrypt": {
            "ok": false,
            "error": "RuntimeError('/root/fideslib/deps/openfhe-src/src/pke/lib/encoding/coefpackedencoding.cpp:l.50:encodeVec<lbcrypto::PolyImpl<bigintdyn::mubintvec<bigintdyn::ubint<long unsigned int> > > >(): Cannot encode integer 268435456 at position 1 because it is out of range of plaintext modulus 50')"
          }
        },
        {
          "row_name": "basis3",
          "input_row": [
            0,
            0,
            0,
            1,
            0,
            0,
            0,
            0
          ],
          "scale": 268435456,
          "scaled_input_row": [
            0,
            0,
            0,
            268435456,
            0,
            0,
            0,
            0
          ],
          "encrypt": {
            "ok": false,
            "error": "RuntimeError('/root/fideslib/deps/openfhe-src/src/pke/lib/encoding/coefpackedencoding.cpp:l.50:encodeVec<lbcrypto::PolyImpl<bigintdyn::mubintvec<bigintdyn::ubint<long unsigned int> > > >(): Cannot encode integer 268435456 at position 3 because it is out of range of plaintext modulus 50')"
          }
        },
        {
          "row_name": "small_mixed",
          "input_row": [
            -3,
            -2,
            -1,
            0,
            1,
            2,
            3,
            4
          ],
          "scale": 268435456,
          "scaled_input_row": [
            -805306368,
            -536870912,
            -268435456,
            0,
            268435456,
            536870912,
            805306368,
            1073741824
          ],
          "encrypt": {
            "ok": false,
            "error": "RuntimeError('/root/fideslib/deps/openfhe-src/src/pke/lib/encoding/coefpackedencoding.cpp:l.50:encodeVec<lbcrypto::PolyImpl<bigintdyn::mubintvec<bigintdyn::ubint<long unsigned int> > > >(): Cannot encode integer -805306368 at position 0 because it is out of range of plaintext modulus 50')"
          }
        },
        {
          "row_name": "alternating",
          "input_row": [
            1,
            -1,
            1,
            -1,
            1,
            -1,
            1,
            -1
          ],
          "scale": 268435456,
          "scaled_input_row": [
            268435456,
            -268435456,
            268435456,
            -268435456,
            268435456,
            -268435456,
            268435456,
            -268435456
          ],
          "encrypt": {
            "ok": false,
            "error": "RuntimeError('/root/fideslib/deps/openfhe-src/src/pke/lib/encoding/coefpackedencoding.cpp:l.50:encodeVec<lbcrypto::PolyImpl<bigintdyn::mubintvec<bigintdyn::ubint<long unsigned int> > > >(): Cannot encode integer 268435456 at position 0 because it is out of range of plaintext modulus 50')"
          }
        },
        {
          "row_name": "large_small_mix",
          "input_row": [
            7,
            0,
            -5,
            2,
            -1,
            0,
            3,
            -4
          ],
          "scale": 268435456,
          "scaled_input_row": [
            1879048192,
            0,
            -1342177280,
            536870912,
            -268435456,
            0,
            805306368,
            -1073741824
          ],
          "encrypt": {
            "ok": false,
            "error": "RuntimeError('/root/fideslib/deps/openfhe-src/src/pke/lib/encoding/coefpackedencoding.cpp:l.50:encodeVec<lbcrypto::PolyImpl<bigintdyn::mubintvec<bigintdyn::ubint<long unsigned int> > > >(): Cannot encode integer 1879048192 at position 0 because it is out of range of plaintext modulus 50')"
          }
        }
      ],
      "summary": {
        "all_encrypt_ok": false,
        "all_compress_ok": false,
        "all_decrypt_ok": false,
        "all_integer_nearest_exact": false,
        "integer_nearest_exact_count": 1,
        "all_residuals_below_threshold": false,
        "all_rounding_methods_agree": false,
        "max_residual_abs": 25
      }
    },
    {
      "scale": 4294967296,
      "rows": [
        {
          "row_name": "zero8",
          "input_row": [
            0,
            0,
            0,
            0,
            0,
            0,
            0,
            0
          ],
          "scale": 4294967296,
          "scaled_input_row": [
            0,
            0,
            0,
            0,
            0,
            0,
            0,
            0
          ],
          "encrypt": {
            "ok": true,
            "error": null
          },
          "compress": {
            "ok": true,
            "error": null
          },
          "decrypt_after_compress": {
            "ok": true,
            "error": null,
            "raw_decoded_scaled_domain": [
              10,
              15,
              5,
              -13,
              -22,
              -22,
              -2,
              -5
            ]
          },
          "residual_scaled_domain": {
            "residual": [
              10,
              15,
              5,
              -13,
              -22,
              -22,
              -2,
              -5
            ],
            "residual_max_abs": 22,
            "residual_l1": 94,
            "rounding_threshold_scale_over_2": 2147483648,
            "residual_strictly_below_rounding_threshold": true
          },
          "rounding": {
            "np_rint": {
              "value": [
                0,
                0,
                0,
                0,
                0,
                0,
                0,
                0
              ],
              "compare_to_input": {
                "exact": true,
                "max_abs_err": 0,
                "l1_err": 0,
                "diff": [
                  0,
                  0,
                  0,
                  0,
                  0,
                  0,
                  0,
                  0
                ]
              }
            },
            "python_round": {
              "value": [
                0,
                0,
                0,
                0,
                0,
                0,
                0,
                0
              ],
              "compare_to_input": {
                "exact": true,
                "max_abs_err": 0,
                "l1_err": 0,
                "diff": [
                  0,
                  0,
                  0,
                  0,
                  0,
                  0,
                  0,
                  0
                ]
              }
            },
            "integer_nearest": {
              "value": [
                0,
                0,
                0,
                0,
                0,
                0,
                0,
                0
              ],
              "compare_to_input": {
                "exact": true,
                "max_abs_err": 0,
                "l1_err": 0,
                "diff": [
                  0,
                  0,
                  0,
                  0,
                  0,
                  0,
                  0,
                  0
                ]
              }
            }
          },
          "audit_consistency": {
            "residual_below_threshold_implies_integer_exact": true,
            "all_rounding_methods_agree": true
          }
        },
        {
          "row_name": "basis0",
          "input_row": [
            1,
            0,
            0,
            0,
            0,
            0,
            0,
            0
          ],
          "scale": 4294967296,
          "scaled_input_row": [
            4294967296,
            0,
            0,
            0,
            0,
            0,
            0,
            0
          ],
          "encrypt": {
            "ok": false,
            "error": "RuntimeError('/root/fideslib/deps/openfhe-src/src/pke/lib/encoding/coefpackedencoding.cpp:l.50:encodeVec<lbcrypto::PolyImpl<bigintdyn::mubintvec<bigintdyn::ubint<long unsigned int> > > >(): Cannot encode integer 4294967296 at position 0 because it is out of range of plaintext modulus 50')"
          }
        },
        {
          "row_name": "basis1",
          "input_row": [
            0,
            1,
            0,
            0,
            0,
            0,
            0,
            0
          ],
          "scale": 4294967296,
          "scaled_input_row": [
            0,
            4294967296,
            0,
            0,
            0,
            0,
            0,
            0
          ],
          "encrypt": {
            "ok": false,
            "error": "RuntimeError('/root/fideslib/deps/openfhe-src/src/pke/lib/encoding/coefpackedencoding.cpp:l.50:encodeVec<lbcrypto::PolyImpl<bigintdyn::mubintvec<bigintdyn::ubint<long unsigned int> > > >(): Cannot encode integer 4294967296 at position 1 because it is out of range of plaintext modulus 50')"
          }
        },
        {
          "row_name": "basis3",
          "input_row": [
            0,
            0,
            0,
            1,
            0,
            0,
            0,
            0
          ],
          "scale": 4294967296,
          "scaled_input_row": [
            0,
            0,
            0,
            4294967296,
            0,
            0,
            0,
            0
          ],
          "encrypt": {
            "ok": false,
            "error": "RuntimeError('/root/fideslib/deps/openfhe-src/src/pke/lib/encoding/coefpackedencoding.cpp:l.50:encodeVec<lbcrypto::PolyImpl<bigintdyn::mubintvec<bigintdyn::ubint<long unsigned int> > > >(): Cannot encode integer 4294967296 at position 3 because it is out of range of plaintext modulus 50')"
          }
        },
        {
          "row_name": "small_mixed",
          "input_row": [
            -3,
            -2,
            -1,
            0,
            1,
            2,
            3,
            4
          ],
          "scale": 4294967296,
          "scaled_input_row": [
            -12884901888,
            -8589934592,
            -4294967296,
            0,
            4294967296,
            8589934592,
            12884901888,
            17179869184
          ],
          "encrypt": {
            "ok": false,
            "error": "RuntimeError('/root/fideslib/deps/openfhe-src/src/pke/lib/encoding/coefpackedencoding.cpp:l.50:encodeVec<lbcrypto::PolyImpl<bigintdyn::mubintvec<bigintdyn::ubint<long unsigned int> > > >(): Cannot encode integer -12884901888 at position 0 because it is out of range of plaintext modulus 50')"
          }
        },
        {
          "row_name": "alternating",
          "input_row": [
            1,
            -1,
            1,
            -1,
            1,
            -1,
            1,
            -1
          ],
          "scale": 4294967296,
          "scaled_input_row": [
            4294967296,
            -4294967296,
            4294967296,
            -4294967296,
            4294967296,
            -4294967296,
            4294967296,
            -4294967296
          ],
          "encrypt": {
            "ok": false,
            "error": "RuntimeError('/root/fideslib/deps/openfhe-src/src/pke/lib/encoding/coefpackedencoding.cpp:l.50:encodeVec<lbcrypto::PolyImpl<bigintdyn::mubintvec<bigintdyn::ubint<long unsigned int> > > >(): Cannot encode integer 4294967296 at position 0 because it is out of range of plaintext modulus 50')"
          }
        },
        {
          "row_name": "large_small_mix",
          "input_row": [
            7,
            0,
            -5,
            2,
            -1,
            0,
            3,
            -4
          ],
          "scale": 4294967296,
          "scaled_input_row": [
            30064771072,
            0,
            -21474836480,
            8589934592,
            -4294967296,
            0,
            12884901888,
            -17179869184
          ],
          "encrypt": {
            "ok": false,
            "error": "RuntimeError('/root/fideslib/deps/openfhe-src/src/pke/lib/encoding/coefpackedencoding.cpp:l.50:encodeVec<lbcrypto::PolyImpl<bigintdyn::mubintvec<bigintdyn::ubint<long unsigned int> > > >(): Cannot encode integer 30064771072 at position 0 because it is out of range of plaintext modulus 50')"
          }
        }
      ],
      "summary": {
        "all_encrypt_ok": false,
        "all_compress_ok": false,
        "all_decrypt_ok": false,
        "all_integer_nearest_exact": false,
        "integer_nearest_exact_count": 1,
        "all_residuals_below_threshold": false,
        "all_rounding_methods_agree": false,
        "max_residual_abs": 22
      }
    },
    {
      "scale": 68719476736,
      "rows": [
        {
          "row_name": "zero8",
          "input_row": [
            0,
            0,
            0,
            0,
            0,
            0,
            0,
            0
          ],
          "scale": 68719476736,
          "scaled_input_row": [
            0,
            0,
            0,
            0,
            0,
            0,
            0,
            0
          ],
          "encrypt": {
            "ok": true,
            "error": null
          },
          "compress": {
            "ok": true,
            "error": null
          },
          "decrypt_after_compress": {
            "ok": true,
            "error": null,
            "raw_decoded_scaled_domain": [
              17,
              17,
              9,
              -24,
              -16,
              15,
              4,
              -13
            ]
          },
          "residual_scaled_domain": {
            "residual": [
              17,
              17,
              9,
              -24,
              -16,
              15,
              4,
              -13
            ],
            "residual_max_abs": 24,
            "residual_l1": 115,
            "rounding_threshold_scale_over_2": 34359738368,
            "residual_strictly_below_rounding_threshold": true
          },
          "rounding": {
            "np_rint": {
              "value": [
                0,
                0,
                0,
                0,
                0,
                0,
                0,
                0
              ],
              "compare_to_input": {
                "exact": true,
                "max_abs_err": 0,
                "l1_err": 0,
                "diff": [
                  0,
                  0,
                  0,
                  0,
                  0,
                  0,
                  0,
                  0
                ]
              }
            },
            "python_round": {
              "value": [
                0,
                0,
                0,
                0,
                0,
                0,
                0,
                0
              ],
              "compare_to_input": {
                "exact": true,
                "max_abs_err": 0,
                "l1_err": 0,
                "diff": [
                  0,
                  0,
                  0,
                  0,
                  0,
                  0,
                  0,
                  0
                ]
              }
            },
            "integer_nearest": {
              "value": [
                0,
                0,
                0,
                0,
                0,
                0,
                0,
                0
              ],
              "compare_to_input": {
                "exact": true,
                "max_abs_err": 0,
                "l1_err": 0,
                "diff": [
                  0,
                  0,
                  0,
                  0,
                  0,
                  0,
                  0,
                  0
                ]
              }
            }
          },
          "audit_consistency": {
            "residual_below_threshold_implies_integer_exact": true,
            "all_rounding_methods_agree": true
          }
        },
        {
          "row_name": "basis0",
          "input_row": [
            1,
            0,
            0,
            0,
            0,
            0,
            0,
            0
          ],
          "scale": 68719476736,
          "scaled_input_row": [
            68719476736,
            0,
            0,
            0,
            0,
            0,
            0,
            0
          ],
          "encrypt": {
            "ok": false,
            "error": "RuntimeError('/root/fideslib/deps/openfhe-src/src/pke/lib/encoding/coefpackedencoding.cpp:l.50:encodeVec<lbcrypto::PolyImpl<bigintdyn::mubintvec<bigintdyn::ubint<long unsigned int> > > >(): Cannot encode integer 68719476736 at position 0 because it is out of range of plaintext modulus 50')"
          }
        },
        {
          "row_name": "basis1",
          "input_row": [
            0,
            1,
            0,
            0,
            0,
            0,
            0,
            0
          ],
          "scale": 68719476736,
          "scaled_input_row": [
            0,
            68719476736,
            0,
            0,
            0,
            0,
            0,
            0
          ],
          "encrypt": {
            "ok": false,
            "error": "RuntimeError('/root/fideslib/deps/openfhe-src/src/pke/lib/encoding/coefpackedencoding.cpp:l.50:encodeVec<lbcrypto::PolyImpl<bigintdyn::mubintvec<bigintdyn::ubint<long unsigned int> > > >(): Cannot encode integer 68719476736 at position 1 because it is out of range of plaintext modulus 50')"
          }
        },
        {
          "row_name": "basis3",
          "input_row": [
            0,
            0,
            0,
            1,
            0,
            0,
            0,
            0
          ],
          "scale": 68719476736,
          "scaled_input_row": [
            0,
            0,
            0,
            68719476736,
            0,
            0,
            0,
            0
          ],
          "encrypt": {
            "ok": false,
            "error": "RuntimeError('/root/fideslib/deps/openfhe-src/src/pke/lib/encoding/coefpackedencoding.cpp:l.50:encodeVec<lbcrypto::PolyImpl<bigintdyn::mubintvec<bigintdyn::ubint<long unsigned int> > > >(): Cannot encode integer 68719476736 at position 3 because it is out of range of plaintext modulus 50')"
          }
        },
        {
          "row_name": "small_mixed",
          "input_row": [
            -3,
            -2,
            -1,
            0,
            1,
            2,
            3,
            4
          ],
          "scale": 68719476736,
          "scaled_input_row": [
            -206158430208,
            -137438953472,
            -68719476736,
            0,
            68719476736,
            137438953472,
            206158430208,
            274877906944
          ],
          "encrypt": {
            "ok": false,
            "error": "RuntimeError('/root/fideslib/deps/openfhe-src/src/pke/lib/encoding/coefpackedencoding.cpp:l.50:encodeVec<lbcrypto::PolyImpl<bigintdyn::mubintvec<bigintdyn::ubint<long unsigned int> > > >(): Cannot encode integer -206158430208 at position 0 because it is out of range of plaintext modulus 50')"
          }
        },
        {
          "row_name": "alternating",
          "input_row": [
            1,
            -1,
            1,
            -1,
            1,
            -1,
            1,
            -1
          ],
          "scale": 68719476736,
          "scaled_input_row": [
            68719476736,
            -68719476736,
            68719476736,
            -68719476736,
            68719476736,
            -68719476736,
            68719476736,
            -68719476736
          ],
          "encrypt": {
            "ok": false,
            "error": "RuntimeError('/root/fideslib/deps/openfhe-src/src/pke/lib/encoding/coefpackedencoding.cpp:l.50:encodeVec<lbcrypto::PolyImpl<bigintdyn::mubintvec<bigintdyn::ubint<long unsigned int> > > >(): Cannot encode integer 68719476736 at position 0 because it is out of range of plaintext modulus 50')"
          }
        },
        {
          "row_name": "large_small_mix",
          "input_row": [
            7,
            0,
            -5,
            2,
            -1,
            0,
            3,
            -4
          ],
          "scale": 68719476736,
          "scaled_input_row": [
            481036337152,
            0,
            -343597383680,
            137438953472,
            -68719476736,
            0,
            206158430208,
            -274877906944
          ],
          "encrypt": {
            "ok": false,
            "error": "RuntimeError('/root/fideslib/deps/openfhe-src/src/pke/lib/encoding/coefpackedencoding.cpp:l.50:encodeVec<lbcrypto::PolyImpl<bigintdyn::mubintvec<bigintdyn::ubint<long unsigned int> > > >(): Cannot encode integer 481036337152 at position 0 because it is out of range of plaintext modulus 50')"
          }
        }
      ],
      "summary": {
        "all_encrypt_ok": false,
        "all_compress_ok": false,
        "all_decrypt_ok": false,
        "all_integer_nearest_exact": false,
        "integer_nearest_exact_count": 1,
        "all_residuals_below_threshold": false,
        "all_rounding_methods_agree": false,
        "max_residual_abs": 24
      }
    }
  ],
  "checks": {
    "any_scale_all_integer_nearest_exact（是否存在 scale 使 integer nearest 全部精确）": false,
    "successful_scales（integer nearest 全部精确的 scale）": [],
    "scale_summaries（每个 scale 的汇总）": [
      {
        "scale": 268435456,
        "all_encrypt_ok": false,
        "all_compress_ok": false,
        "all_decrypt_ok": false,
        "all_integer_nearest_exact": false,
        "integer_nearest_exact_count": 1,
        "all_residuals_below_threshold": false,
        "all_rounding_methods_agree": false,
        "max_residual_abs": 25
      },
      {
        "scale": 4294967296,
        "all_encrypt_ok": false,
        "all_compress_ok": false,
        "all_decrypt_ok": false,
        "all_integer_nearest_exact": false,
        "integer_nearest_exact_count": 1,
        "all_residuals_below_threshold": false,
        "all_rounding_methods_agree": false,
        "max_residual_abs": 22
      },
      {
        "scale": 68719476736,
        "all_encrypt_ok": false,
        "all_compress_ok": false,
        "all_decrypt_ok": false,
        "all_integer_nearest_exact": false,
        "integer_nearest_exact_count": 1,
        "all_residuals_below_threshold": false,
        "all_rounding_methods_agree": false,
        "max_residual_abs": 24
      }
    ]
  },
  "global_decision": {
    "value": "scaled_coeff_row_encryption_really_fails",
    "recommended_scale": null,
    "next_step": "WP4-Y2e",
    "next_goal": "Bypass current encrypt_coeff_row_i64 and implement controlled RLWE/SK coefficient-row encryption probe.",
    "zh": "复核后仍失败，下一步绕开当前 high-level coefficient encrypt。"
  }
}
====================================================================================================
saved: /workspace/FIDESlib-GPT/reports/wp4y2d_scaled_rounding_audit_report.json
Cuda failure /root/fideslib/src/CKKS/Context.cu:841: 'driver shutting down'
